=================================== ERRORS ====================================
___ ERROR at setup of test_start_learning_trains_forever_if_no_train_model ____
___ ERROR at setup of test_start_learning_trains_until_max_steps_then_saves ___
____ ERROR at setup of test_advance_adds_experiences_to_trainer_and_trains ____
E   RuntimeError: cuDNN error: CUDNN_STATUS_INTERNAL_ERROR
C:\Development\Projects\ml-agents\venv\Lib\site-packages\torch\utils\_device.py:109: RuntimeError: cuDNN error: CUDNN_STATUS_INTERNAL_ERROR
FAILED ml-agents/mlagents/trainers/tests/test_integration_extended.py::TestConfigurationIntegration::test_recurrent_network_configuration
FAILED ml-agents/mlagents/trainers/tests/test_optimizer_extended.py::TestTorchOptimizerRewardSignals::test_multiple_reward_signals
FAILED ml-agents/mlagents/trainers/tests/test_subprocess_env_manager.py::SubprocessEnvManagerTest::test_crashed_env_restarts
FAILED ml-agents/mlagents/trainers/tests/test_subprocess_env_manager.py::SubprocessEnvManagerTest::test_step_takes_steps_for_all_non_waiting_envs
FAILED ml-agents/mlagents/trainers/tests/test_subprocess_env_manager.py::test_subprocess_env_endtoend[1]
FAILED ml-agents/mlagents/trainers/tests/test_subprocess_env_manager.py::test_subprocess_env_endtoend[4]
FAILED ml-agents/mlagents/trainers/tests/test_subprocess_env_manager.py::test_subprocess_failing_step[1]
FAILED ml-agents/mlagents/trainers/tests/test_subprocess_env_manager.py::test_subprocess_failing_step[4]
FAILED ml-agents/mlagents/trainers/tests/test_torchscript_integration.py::TestTorchScriptCompilation::test_simple_model_compilation
FAILED ml-agents/mlagents/trainers/tests/test_torchscript_integration.py::TestTorchScriptCompilation::test_compiled_model_inference
FAILED ml-agents/mlagents/trainers/tests/test_torchscript_integration.py::TestTorchScriptCompilation::test_optimization_for_inference
FAILED ml-agents/mlagents/trainers/tests/test_torchscript_integration.py::TestTorchScriptPerformance::test_compilation_overhead
FAILED ml-agents/mlagents/trainers/tests/test_torchscript_integration.py::TestTorchScriptPerformance::test_inference_consistency
FAILED ml-agents/mlagents/trainers/tests/test_torchscript_integration.py::TestTorchScriptCompatibility::test_mlp_compatibility
FAILED ml-agents/mlagents/trainers/tests/test_torchscript_integration.py::TestTorchScriptCompatibility::test_cnn_compatibility
FAILED ml-agents/mlagents/trainers/tests/test_torchscript_integration.py::TestTorchScriptCompatibility::test_recurrent_compatibility
FAILED ml-agents/mlagents/trainers/tests/test_torchscript_integration.py::TestTorchScriptValidation::test_graph_correctness
FAILED ml-agents/mlagents/trainers/tests/test_torchscript_integration.py::TestTorchScriptValidation::test_numerical_accuracy
FAILED ml-agents/mlagents/trainers/tests/test_torchscript_optimization.py::TestTorchScriptOptimizer::test_compile_model_with_trace
FAILED ml-agents/mlagents/trainers/tests/test_torchscript_optimization.py::TestTorchScriptOptimizer::test_compile_model_with_script
FAILED ml-agents/mlagents/trainers/tests/test_torchscript_optimization.py::TestTorchScriptOptimizer::test_optimize_for_inference
FAILED ml-agents/mlagents/trainers/tests/test_torchscript_optimization.py::TestTorchScriptOptimizer::test_compiled_model_output_matches
FAILED ml-agents/mlagents/trainers/tests/test_torchscript_optimization.py::TestTorchScriptOptimizer::test_benchmark_model
FAILED ml-agents/mlagents/trainers/tests/test_torchscript_optimization.py::TestTorchScriptOptimizer::test_save_and_load_scripted_model
FAILED ml-agents/mlagents/trainers/tests/test_torchscript_optimization.py::TestOptimizeModelFunction::test_optimize_model_torchscript
FAILED ml-agents/mlagents/trainers/tests/test_torchscript_optimization.py::TestOptimizeModelFunction::test_optimize_model_invalid_method
FAILED ml-agents/mlagents/trainers/tests/test_torchscript_optimization.py::TestIntegration::test_batch_inference
FAILED ml-agents/mlagents/trainers/tests/test_torchscript_optimization.py::TestIntegration::test_multiple_forward_passes
FAILED ml-agents/mlagents/trainers/tests/test_torchscript_optimization.py::TestIntegration::test_model_with_batch_norm
FAILED ml-agents/mlagents/trainers/tests/test_trainers.py::test_ppo_trainer_update_normalization
FAILED ml-agents/mlagents/trainers/tests/test_trainers.py::test_sac_trainer_update_normalization
FAILED ml-agents/mlagents/trainers/tests/test_trainers.py::test_poca_trainer_update_normalization
FAILED ml-agents/mlagents/trainers/tests/torch_entities/saver/test_saver.py::test_register
FAILED ml-agents/mlagents/trainers/tests/torch_entities/saver/test_saver.py::test_load_save_policy
FAILED ml-agents/mlagents/trainers/tests/torch_entities/saver/test_saver.py::test_load_policy_different_hidden_units[resnet]
FAILED ml-agents/mlagents/trainers/tests/torch_entities/saver/test_saver.py::test_load_policy_different_hidden_units[nature_cnn]
FAILED ml-agents/mlagents/trainers/tests/torch_entities/saver/test_saver.py::test_load_policy_different_hidden_units[match3]
FAILED ml-agents/mlagents/trainers/tests/torch_entities/saver/test_saver.py::test_load_save_optimizer[ppo]
FAILED ml-agents/mlagents/trainers/tests/torch_entities/saver/test_saver.py::test_load_save_optimizer[sac]
FAILED ml-agents/mlagents/trainers/tests/torch_entities/saver/test_saver.py::test_load_save_optimizer[poca]
FAILED ml-agents/mlagents/trainers/tests/torch_entities/saver/test_saver.py::test_checkpoint_conversion[rnn-visual-discrete]
FAILED ml-agents/mlagents/trainers/tests/torch_entities/saver/test_saver.py::test_checkpoint_conversion[rnn-visual-continuous]
FAILED ml-agents/mlagents/trainers/tests/torch_entities/saver/test_saver.py::test_checkpoint_conversion[rnn-vector-discrete]
FAILED ml-agents/mlagents/trainers/tests/torch_entities/saver/test_saver.py::test_checkpoint_conversion[rnn-vector-continuous]
FAILED ml-agents/mlagents/trainers/tests/torch_entities/saver/test_saver.py::test_checkpoint_conversion[no_rnn-visual-discrete]
FAILED ml-agents/mlagents/trainers/tests/torch_entities/saver/test_saver.py::test_checkpoint_conversion[no_rnn-visual-continuous]
FAILED ml-agents/mlagents/trainers/tests/torch_entities/saver/test_saver.py::test_checkpoint_conversion[no_rnn-vector-discrete]
FAILED ml-agents/mlagents/trainers/tests/torch_entities/saver/test_saver.py::test_checkpoint_conversion[no_rnn-vector-continuous]
FAILED ml-agents/mlagents/trainers/tests/torch_entities/saver/test_saver_reward_providers.py::test_reward_provider_save[ppo]
FAILED ml-agents/mlagents/trainers/tests/torch_entities/saver/test_saver_reward_providers.py::test_reward_provider_save[sac]
FAILED ml-agents/mlagents/trainers/tests/torch_entities/saver/test_saver_reward_providers.py::test_reward_provider_save[poca]
FAILED ml-agents/mlagents/trainers/tests/torch_entities/saver/test_saver_reward_providers.py::test_load_different_reward_provider[ppo]
FAILED ml-agents/mlagents/trainers/tests/torch_entities/saver/test_saver_reward_providers.py::test_load_different_reward_provider[sac]
FAILED ml-agents/mlagents/trainers/tests/torch_entities/saver/test_saver_reward_providers.py::test_load_different_reward_provider[poca]
FAILED ml-agents/mlagents/trainers/tests/torch_entities/test_action_model.py::test_get_dists
FAILED ml-agents/mlagents/trainers/tests/torch_entities/test_action_model.py::test_sample_action
FAILED ml-agents/mlagents/trainers/tests/torch_entities/test_action_model.py::test_deterministic_sample_action
FAILED ml-agents/mlagents/trainers/tests/torch_entities/test_action_model.py::test_get_probs_and_entropy
FAILED ml-agents/mlagents/trainers/tests/torch_entities/test_action_model.py::test_get_onnx_deterministic_tensors
FAILED ml-agents/mlagents/trainers/tests/torch_entities/test_agent_action.py::test_agent_action_group_from_buffer
FAILED ml-agents/mlagents/trainers/tests/torch_entities/test_agent_action.py::test_slice
FAILED ml-agents/mlagents/trainers/tests/torch_entities/test_agent_action.py::test_to_flat
FAILED ml-agents/mlagents/trainers/tests/torch_entities/test_attention.py::test_multi_head_attention_initialization
FAILED ml-agents/mlagents/trainers/tests/torch_entities/test_attention.py::test_multi_head_attention_masking
FAILED ml-agents/mlagents/trainers/tests/torch_entities/test_attention.py::test_zero_mask_layer
FAILED ml-agents/mlagents/trainers/tests/torch_entities/test_attention.py::test_all_masking[0]
FAILED ml-agents/mlagents/trainers/tests/torch_entities/test_attention.py::test_all_masking[1]
FAILED ml-agents/mlagents/trainers/tests/torch_entities/test_attention.py::test_predict_closest_training
FAILED ml-agents/mlagents/trainers/tests/torch_entities/test_attention.py::test_predict_minimum_training
FAILED ml-agents/mlagents/trainers/tests/torch_entities/test_bcmodule.py::test_bcmodule_defaults
FAILED ml-agents/mlagents/trainers/tests/torch_entities/test_bcmodule.py::test_bcmodule_update[sac]
FAILED ml-agents/mlagents/trainers/tests/torch_entities/test_bcmodule.py::test_bcmodule_update[ppo]
FAILED ml-agents/mlagents/trainers/tests/torch_entities/test_bcmodule.py::test_bcmodule_constant_lr_update[sac]
FAILED ml-agents/mlagents/trainers/tests/torch_entities/test_bcmodule.py::test_bcmodule_constant_lr_update[ppo]
FAILED ml-agents/mlagents/trainers/tests/torch_entities/test_bcmodule.py::test_bcmodule_linear_lr_update[sac]
FAILED ml-agents/mlagents/trainers/tests/torch_entities/test_bcmodule.py::test_bcmodule_linear_lr_update[ppo]
FAILED ml-agents/mlagents/trainers/tests/torch_entities/test_bcmodule.py::test_bcmodule_rnn_update[sac]
FAILED ml-agents/mlagents/trainers/tests/torch_entities/test_bcmodule.py::test_bcmodule_rnn_update[ppo]
FAILED ml-agents/mlagents/trainers/tests/torch_entities/test_bcmodule.py::test_bcmodule_hybrid_visual_updates[sac]
FAILED ml-agents/mlagents/trainers/tests/torch_entities/test_bcmodule.py::test_bcmodule_hybrid_visual_updates[ppo]
FAILED ml-agents/mlagents/trainers/tests/torch_entities/test_bcmodule.py::test_bcmodule_rnn_hybrid_update[sac]
FAILED ml-agents/mlagents/trainers/tests/torch_entities/test_bcmodule.py::test_bcmodule_rnn_hybrid_update[ppo]
FAILED ml-agents/mlagents/trainers/tests/torch_entities/test_conditioning.py::test_conditional_layer_initialization
FAILED ml-agents/mlagents/trainers/tests/torch_entities/test_conditioning.py::test_predict_with_condition[1]
FAILED ml-agents/mlagents/trainers/tests/torch_entities/test_conditioning.py::test_predict_with_condition[2]
FAILED ml-agents/mlagents/trainers/tests/torch_entities/test_conditioning.py::test_predict_with_condition[3]
FAILED ml-agents/mlagents/trainers/tests/torch_entities/test_decoders.py::test_valueheads
FAILED ml-agents/mlagents/trainers/tests/torch_entities/test_distributions.py::test_gaussian_distribution[True-True]
FAILED ml-agents/mlagents/trainers/tests/torch_entities/test_distributions.py::test_gaussian_distribution[True-False]
FAILED ml-agents/mlagents/trainers/tests/torch_entities/test_distributions.py::test_gaussian_distribution[False-True]
FAILED ml-agents/mlagents/trainers/tests/torch_entities/test_distributions.py::test_gaussian_distribution[False-False]
FAILED ml-agents/mlagents/trainers/tests/torch_entities/test_distributions.py::test_multi_categorical_distribution
FAILED ml-agents/mlagents/trainers/tests/torch_entities/test_distributions.py::test_gaussian_dist_instance
FAILED ml-agents/mlagents/trainers/tests/torch_entities/test_distributions.py::test_tanh_gaussian_dist_instance
FAILED ml-agents/mlagents/trainers/tests/torch_entities/test_distributions.py::test_categorical_dist_instance
FAILED ml-agents/mlagents/trainers/tests/torch_entities/test_encoders.py::test_normalizer
FAILED ml-agents/mlagents/trainers/tests/torch_entities/test_encoders.py::test_vector_encoder
FAILED ml-agents/mlagents/trainers/tests/torch_entities/test_encoders.py::test_visual_encoder[SimpleVisualEncoder-image_size0]
FAILED ml-agents/mlagents/trainers/tests/torch_entities/test_encoders.py::test_visual_encoder[SimpleVisualEncoder-image_size1]
FAILED ml-agents/mlagents/trainers/tests/torch_entities/test_encoders.py::test_visual_encoder[SimpleVisualEncoder-image_size2]
FAILED ml-agents/mlagents/trainers/tests/torch_entities/test_encoders.py::test_visual_encoder[ResNetVisualEncoder-image_size0]
FAILED ml-agents/mlagents/trainers/tests/torch_entities/test_encoders.py::test_visual_encoder[ResNetVisualEncoder-image_size1]
FAILED ml-agents/mlagents/trainers/tests/torch_entities/test_encoders.py::test_visual_encoder[ResNetVisualEncoder-image_size2]
FAILED ml-agents/mlagents/trainers/tests/torch_entities/test_encoders.py::test_visual_encoder[NatureVisualEncoder-image_size0]
FAILED ml-agents/mlagents/trainers/tests/torch_entities/test_encoders.py::test_visual_encoder[NatureVisualEncoder-image_size1]
FAILED ml-agents/mlagents/trainers/tests/torch_entities/test_encoders.py::test_visual_encoder[NatureVisualEncoder-image_size2]
FAILED ml-agents/mlagents/trainers/tests/torch_entities/test_encoders.py::test_visual_encoder[SmallVisualEncoder-image_size0]
FAILED ml-agents/mlagents/trainers/tests/torch_entities/test_encoders.py::test_visual_encoder[SmallVisualEncoder-image_size1]
FAILED ml-agents/mlagents/trainers/tests/torch_entities/test_encoders.py::test_visual_encoder[SmallVisualEncoder-image_size2]
FAILED ml-agents/mlagents/trainers/tests/torch_entities/test_encoders.py::test_visual_encoder[FullyConnectedVisualEncoder-image_size0]
FAILED ml-agents/mlagents/trainers/tests/torch_entities/test_encoders.py::test_visual_encoder[FullyConnectedVisualEncoder-image_size1]
FAILED ml-agents/mlagents/trainers/tests/torch_entities/test_encoders.py::test_visual_encoder[FullyConnectedVisualEncoder-image_size2]
FAILED ml-agents/mlagents/trainers/tests/torch_entities/test_ghost.py::test_load_and_set[True]
FAILED ml-agents/mlagents/trainers/tests/torch_entities/test_ghost.py::test_load_and_set[False]
FAILED ml-agents/mlagents/trainers/tests/torch_entities/test_ghost.py::test_resume
FAILED ml-agents/mlagents/trainers/tests/torch_entities/test_ghost.py::test_process_trajectory
FAILED ml-agents/mlagents/trainers/tests/torch_entities/test_ghost.py::test_publish_queue
FAILED ml-agents/mlagents/trainers/tests/torch_entities/test_layers.py::test_initialization_layer
FAILED ml-agents/mlagents/trainers/tests/torch_entities/test_layers.py::test_lstm_layer
FAILED ml-agents/mlagents/trainers/tests/torch_entities/test_layers.py::test_lstm_class
FAILED ml-agents/mlagents/trainers/tests/torch_entities/test_layers.py::test_layer_norm
FAILED ml-agents/mlagents/trainers/tests/torch_entities/test_networks.py::test_networkbody_vector
FAILED ml-agents/mlagents/trainers/tests/torch_entities/test_networks.py::test_networkbody_lstm
FAILED ml-agents/mlagents/trainers/tests/torch_entities/test_networks.py::test_networkbody_visual
FAILED ml-agents/mlagents/trainers/tests/torch_entities/test_networks.py::test_multinetworkbody_vector[actions]
FAILED ml-agents/mlagents/trainers/tests/torch_entities/test_networks.py::test_multinetworkbody_vector[no_actions]
FAILED ml-agents/mlagents/trainers/tests/torch_entities/test_networks.py::test_multinetworkbody_lstm[actions]
FAILED ml-agents/mlagents/trainers/tests/torch_entities/test_networks.py::test_multinetworkbody_lstm[no_actions]
FAILED ml-agents/mlagents/trainers/tests/torch_entities/test_networks.py::test_multinetworkbody_visual[actions]
FAILED ml-agents/mlagents/trainers/tests/torch_entities/test_networks.py::test_multinetworkbody_visual[no_actions]
FAILED ml-agents/mlagents/trainers/tests/torch_entities/test_networks.py::test_valuenetwork
FAILED ml-agents/mlagents/trainers/tests/torch_entities/test_networks.py::test_actor_critic[True-True]
FAILED ml-agents/mlagents/trainers/tests/torch_entities/test_networks.py::test_actor_critic[True-False]
FAILED ml-agents/mlagents/trainers/tests/torch_entities/test_networks.py::test_actor_critic[False-True]
FAILED ml-agents/mlagents/trainers/tests/torch_entities/test_networks.py::test_actor_critic[False-False]
FAILED ml-agents/mlagents/trainers/tests/torch_entities/test_networks.py::test_multinetworkbody_num_agents[actions]
FAILED ml-agents/mlagents/trainers/tests/torch_entities/test_networks.py::test_multinetworkbody_num_agents[no_actions]
FAILED ml-agents/mlagents/trainers/tests/torch_entities/test_poca.py::test_poca_optimizer_update[rnn-visual-discrete]
FAILED ml-agents/mlagents/trainers/tests/torch_entities/test_poca.py::test_poca_optimizer_update[rnn-visual-continuous]
FAILED ml-agents/mlagents/trainers/tests/torch_entities/test_poca.py::test_poca_optimizer_update[rnn-vector-discrete]
FAILED ml-agents/mlagents/trainers/tests/torch_entities/test_poca.py::test_poca_optimizer_update[rnn-vector-continuous]
FAILED ml-agents/mlagents/trainers/tests/torch_entities/test_poca.py::test_poca_optimizer_update[no_rnn-visual-discrete]
FAILED ml-agents/mlagents/trainers/tests/torch_entities/test_poca.py::test_poca_optimizer_update[no_rnn-visual-continuous]
FAILED ml-agents/mlagents/trainers/tests/torch_entities/test_poca.py::test_poca_optimizer_update[no_rnn-vector-discrete]
FAILED ml-agents/mlagents/trainers/tests/torch_entities/test_poca.py::test_poca_optimizer_update[no_rnn-vector-continuous]
FAILED ml-agents/mlagents/trainers/tests/torch_entities/test_poca.py::test_poca_get_value_estimates[rnn-visual-discrete]
FAILED ml-agents/mlagents/trainers/tests/torch_entities/test_poca.py::test_poca_get_value_estimates[rnn-visual-continuous]
FAILED ml-agents/mlagents/trainers/tests/torch_entities/test_poca.py::test_poca_get_value_estimates[rnn-vector-discrete]
FAILED ml-agents/mlagents/trainers/tests/torch_entities/test_poca.py::test_poca_get_value_estimates[rnn-vector-continuous]
FAILED ml-agents/mlagents/trainers/tests/torch_entities/test_poca.py::test_poca_get_value_estimates[no_rnn-visual-discrete]
FAILED ml-agents/mlagents/trainers/tests/torch_entities/test_poca.py::test_poca_get_value_estimates[no_rnn-visual-continuous]
FAILED ml-agents/mlagents/trainers/tests/torch_entities/test_poca.py::test_poca_get_value_estimates[no_rnn-vector-discrete]
FAILED ml-agents/mlagents/trainers/tests/torch_entities/test_poca.py::test_poca_get_value_estimates[no_rnn-vector-continuous]
FAILED ml-agents/mlagents/trainers/tests/torch_entities/test_poca.py::test_poca_optimizer_update_curiosity[rnn-visual-discrete]
FAILED ml-agents/mlagents/trainers/tests/torch_entities/test_poca.py::test_poca_optimizer_update_curiosity[rnn-visual-continuous]
FAILED ml-agents/mlagents/trainers/tests/torch_entities/test_poca.py::test_poca_optimizer_update_curiosity[rnn-vector-discrete]
FAILED ml-agents/mlagents/trainers/tests/torch_entities/test_poca.py::test_poca_optimizer_update_curiosity[rnn-vector-continuous]
FAILED ml-agents/mlagents/trainers/tests/torch_entities/test_poca.py::test_poca_optimizer_update_curiosity[no_rnn-visual-discrete]
FAILED ml-agents/mlagents/trainers/tests/torch_entities/test_poca.py::test_poca_optimizer_update_curiosity[no_rnn-visual-continuous]
FAILED ml-agents/mlagents/trainers/tests/torch_entities/test_poca.py::test_poca_optimizer_update_curiosity[no_rnn-vector-discrete]
FAILED ml-agents/mlagents/trainers/tests/torch_entities/test_poca.py::test_poca_optimizer_update_curiosity[no_rnn-vector-continuous]
FAILED ml-agents/mlagents/trainers/tests/torch_entities/test_poca.py::test_poca_optimizer_update_gail
FAILED ml-agents/mlagents/trainers/tests/torch_entities/test_poca.py::test_poca_end_episode
FAILED ml-agents/mlagents/trainers/tests/torch_entities/test_policy.py::test_policy_evaluate[rnn-visual-discrete]
FAILED ml-agents/mlagents/trainers/tests/torch_entities/test_policy.py::test_policy_evaluate[rnn-visual-continuous]
FAILED ml-agents/mlagents/trainers/tests/torch_entities/test_policy.py::test_policy_evaluate[rnn-vector-discrete]
FAILED ml-agents/mlagents/trainers/tests/torch_entities/test_policy.py::test_policy_evaluate[rnn-vector-continuous]
FAILED ml-agents/mlagents/trainers/tests/torch_entities/test_policy.py::test_policy_evaluate[no_rnn-visual-discrete]
FAILED ml-agents/mlagents/trainers/tests/torch_entities/test_policy.py::test_policy_evaluate[no_rnn-visual-continuous]
FAILED ml-agents/mlagents/trainers/tests/torch_entities/test_policy.py::test_policy_evaluate[no_rnn-vector-discrete]
FAILED ml-agents/mlagents/trainers/tests/torch_entities/test_policy.py::test_policy_evaluate[no_rnn-vector-continuous]
FAILED ml-agents/mlagents/trainers/tests/torch_entities/test_policy.py::test_step_overflow
FAILED ml-agents/mlagents/trainers/tests/torch_entities/test_ppo.py::test_ppo_optimizer_update[rnn-visual-discrete]
FAILED ml-agents/mlagents/trainers/tests/torch_entities/test_ppo.py::test_ppo_optimizer_update[rnn-visual-continuous]
FAILED ml-agents/mlagents/trainers/tests/torch_entities/test_ppo.py::test_ppo_optimizer_update[rnn-vector-discrete]
FAILED ml-agents/mlagents/trainers/tests/torch_entities/test_ppo.py::test_ppo_optimizer_update[rnn-vector-continuous]
FAILED ml-agents/mlagents/trainers/tests/torch_entities/test_ppo.py::test_ppo_optimizer_update[no_rnn-visual-discrete]
FAILED ml-agents/mlagents/trainers/tests/torch_entities/test_ppo.py::test_ppo_optimizer_update[no_rnn-visual-continuous]
FAILED ml-agents/mlagents/trainers/tests/torch_entities/test_ppo.py::test_ppo_optimizer_update[no_rnn-vector-discrete]
FAILED ml-agents/mlagents/trainers/tests/torch_entities/test_ppo.py::test_ppo_optimizer_update[no_rnn-vector-continuous]
FAILED ml-agents/mlagents/trainers/tests/torch_entities/test_ppo.py::test_ppo_optimizer_update_curiosity[rnn-visual-discrete]
FAILED ml-agents/mlagents/trainers/tests/torch_entities/test_ppo.py::test_ppo_optimizer_update_curiosity[rnn-visual-continuous]
FAILED ml-agents/mlagents/trainers/tests/torch_entities/test_ppo.py::test_ppo_optimizer_update_curiosity[rnn-vector-discrete]
FAILED ml-agents/mlagents/trainers/tests/torch_entities/test_ppo.py::test_ppo_optimizer_update_curiosity[rnn-vector-continuous]
FAILED ml-agents/mlagents/trainers/tests/torch_entities/test_ppo.py::test_ppo_optimizer_update_curiosity[no_rnn-visual-discrete]
FAILED ml-agents/mlagents/trainers/tests/torch_entities/test_ppo.py::test_ppo_optimizer_update_curiosity[no_rnn-visual-continuous]
FAILED ml-agents/mlagents/trainers/tests/torch_entities/test_ppo.py::test_ppo_optimizer_update_curiosity[no_rnn-vector-discrete]
FAILED ml-agents/mlagents/trainers/tests/torch_entities/test_ppo.py::test_ppo_optimizer_update_curiosity[no_rnn-vector-continuous]
FAILED ml-agents/mlagents/trainers/tests/torch_entities/test_ppo.py::test_ppo_optimizer_update_gail
FAILED ml-agents/mlagents/trainers/tests/torch_entities/test_ppo.py::test_ppo_get_value_estimates[rnn-visual-discrete]
FAILED ml-agents/mlagents/trainers/tests/torch_entities/test_ppo.py::test_ppo_get_value_estimates[rnn-visual-continuous]
FAILED ml-agents/mlagents/trainers/tests/torch_entities/test_ppo.py::test_ppo_get_value_estimates[rnn-vector-discrete]
FAILED ml-agents/mlagents/trainers/tests/torch_entities/test_ppo.py::test_ppo_get_value_estimates[rnn-vector-continuous]
FAILED ml-agents/mlagents/trainers/tests/torch_entities/test_ppo.py::test_ppo_get_value_estimates[no_rnn-visual-discrete]
FAILED ml-agents/mlagents/trainers/tests/torch_entities/test_ppo.py::test_ppo_get_value_estimates[no_rnn-visual-continuous]
FAILED ml-agents/mlagents/trainers/tests/torch_entities/test_ppo.py::test_ppo_get_value_estimates[no_rnn-vector-discrete]
FAILED ml-agents/mlagents/trainers/tests/torch_entities/test_ppo.py::test_ppo_get_value_estimates[no_rnn-vector-continuous]
FAILED ml-agents/mlagents/trainers/tests/torch_entities/test_reward_providers/test_curiosity.py::test_construction[behavior_spec0]
FAILED ml-agents/mlagents/trainers/tests/torch_entities/test_reward_providers/test_curiosity.py::test_construction[behavior_spec1]
FAILED ml-agents/mlagents/trainers/tests/torch_entities/test_reward_providers/test_curiosity.py::test_factory[behavior_spec0]
FAILED ml-agents/mlagents/trainers/tests/torch_entities/test_reward_providers/test_curiosity.py::test_factory[behavior_spec1]
FAILED ml-agents/mlagents/trainers/tests/torch_entities/test_reward_providers/test_curiosity.py::test_factory[behavior_spec2]
FAILED ml-agents/mlagents/trainers/tests/torch_entities/test_reward_providers/test_curiosity.py::test_factory[behavior_spec3]
FAILED ml-agents/mlagents/trainers/tests/torch_entities/test_reward_providers/test_curiosity.py::test_reward_decreases[behavior_spec0-42]
FAILED ml-agents/mlagents/trainers/tests/torch_entities/test_reward_providers/test_curiosity.py::test_reward_decreases[behavior_spec1-42]
FAILED ml-agents/mlagents/trainers/tests/torch_entities/test_reward_providers/test_curiosity.py::test_reward_decreases[behavior_spec2-42]
FAILED ml-agents/mlagents/trainers/tests/torch_entities/test_reward_providers/test_curiosity.py::test_continuous_action_prediction[behavior_spec0-42]
FAILED ml-agents/mlagents/trainers/tests/torch_entities/test_reward_providers/test_curiosity.py::test_next_state_prediction[behavior_spec0-42]
FAILED ml-agents/mlagents/trainers/tests/torch_entities/test_reward_providers/test_curiosity.py::test_next_state_prediction[behavior_spec1-42]
FAILED ml-agents/mlagents/trainers/tests/torch_entities/test_reward_providers/test_curiosity.py::test_next_state_prediction[behavior_spec2-42]
FAILED ml-agents/mlagents/trainers/tests/torch_entities/test_reward_providers/test_gail.py::test_construction[behavior_spec0]
FAILED ml-agents/mlagents/trainers/tests/torch_entities/test_reward_providers/test_gail.py::test_factory[behavior_spec0]
FAILED ml-agents/mlagents/trainers/tests/torch_entities/test_reward_providers/test_gail.py::test_reward_decreases[False-behavior_spec0-42]
FAILED ml-agents/mlagents/trainers/tests/torch_entities/test_reward_providers/test_gail.py::test_reward_decreases[False-behavior_spec1-42]
FAILED ml-agents/mlagents/trainers/tests/torch_entities/test_reward_providers/test_gail.py::test_reward_decreases[False-behavior_spec2-42]
FAILED ml-agents/mlagents/trainers/tests/torch_entities/test_reward_providers/test_gail.py::test_reward_decreases[True-behavior_spec0-42]
FAILED ml-agents/mlagents/trainers/tests/torch_entities/test_reward_providers/test_gail.py::test_reward_decreases[True-behavior_spec1-42]
FAILED ml-agents/mlagents/trainers/tests/torch_entities/test_reward_providers/test_gail.py::test_reward_decreases[True-behavior_spec2-42]
FAILED ml-agents/mlagents/trainers/tests/torch_entities/test_reward_providers/test_gail.py::test_reward_decreases_vail[False-behavior_spec0-42]
FAILED ml-agents/mlagents/trainers/tests/torch_entities/test_reward_providers/test_gail.py::test_reward_decreases_vail[False-behavior_spec1-42]
FAILED ml-agents/mlagents/trainers/tests/torch_entities/test_reward_providers/test_gail.py::test_reward_decreases_vail[False-behavior_spec2-42]
FAILED ml-agents/mlagents/trainers/tests/torch_entities/test_reward_providers/test_gail.py::test_reward_decreases_vail[True-behavior_spec0-42]
FAILED ml-agents/mlagents/trainers/tests/torch_entities/test_reward_providers/test_gail.py::test_reward_decreases_vail[True-behavior_spec1-42]
FAILED ml-agents/mlagents/trainers/tests/torch_entities/test_reward_providers/test_gail.py::test_reward_decreases_vail[True-behavior_spec2-42]
FAILED ml-agents/mlagents/trainers/tests/torch_entities/test_reward_providers/test_rnd.py::test_construction[behavior_spec0]
FAILED ml-agents/mlagents/trainers/tests/torch_entities/test_reward_providers/test_rnd.py::test_construction[behavior_spec1]
FAILED ml-agents/mlagents/trainers/tests/torch_entities/test_reward_providers/test_rnd.py::test_factory[behavior_spec0]
FAILED ml-agents/mlagents/trainers/tests/torch_entities/test_reward_providers/test_rnd.py::test_factory[behavior_spec1]
FAILED ml-agents/mlagents/trainers/tests/torch_entities/test_reward_providers/test_rnd.py::test_factory[behavior_spec2]
FAILED ml-agents/mlagents/trainers/tests/torch_entities/test_reward_providers/test_rnd.py::test_factory[behavior_spec3]
FAILED ml-agents/mlagents/trainers/tests/torch_entities/test_reward_providers/test_rnd.py::test_reward_decreases[behavior_spec0-42]
FAILED ml-agents/mlagents/trainers/tests/torch_entities/test_reward_providers/test_rnd.py::test_reward_decreases[behavior_spec1-42]
FAILED ml-agents/mlagents/trainers/tests/torch_entities/test_reward_providers/test_rnd.py::test_reward_decreases[behavior_spec2-42]
FAILED ml-agents/mlagents/trainers/tests/torch_entities/test_sac.py::test_sac_optimizer_update[rnn-visual-discrete]
FAILED ml-agents/mlagents/trainers/tests/torch_entities/test_sac.py::test_sac_optimizer_update[rnn-visual-continuous]
FAILED ml-agents/mlagents/trainers/tests/torch_entities/test_sac.py::test_sac_optimizer_update[rnn-vector-discrete]
FAILED ml-agents/mlagents/trainers/tests/torch_entities/test_sac.py::test_sac_optimizer_update[rnn-vector-continuous]
FAILED ml-agents/mlagents/trainers/tests/torch_entities/test_sac.py::test_sac_optimizer_update[no_rnn-visual-discrete]
FAILED ml-agents/mlagents/trainers/tests/torch_entities/test_sac.py::test_sac_optimizer_update[no_rnn-visual-continuous]
FAILED ml-agents/mlagents/trainers/tests/torch_entities/test_sac.py::test_sac_optimizer_update[no_rnn-vector-discrete]
FAILED ml-agents/mlagents/trainers/tests/torch_entities/test_sac.py::test_sac_optimizer_update[no_rnn-vector-continuous]
FAILED ml-agents/mlagents/trainers/tests/torch_entities/test_sac.py::test_sac_update_reward_signals[discrete]
FAILED ml-agents/mlagents/trainers/tests/torch_entities/test_sac.py::test_sac_update_reward_signals[continuous]
FAILED ml-agents/mlagents/trainers/tests/torch_entities/test_utils.py::test_min_visual_size
FAILED ml-agents/mlagents/trainers/tests/torch_entities/test_utils.py::test_create_inputs[EncoderType.SIMPLE-True-0-1]
FAILED ml-agents/mlagents/trainers/tests/torch_entities/test_utils.py::test_create_inputs[EncoderType.SIMPLE-True-0-2]
FAILED ml-agents/mlagents/trainers/tests/torch_entities/test_utils.py::test_create_inputs[EncoderType.SIMPLE-True-1-0]
FAILED ml-agents/mlagents/trainers/tests/torch_entities/test_utils.py::test_create_inputs[EncoderType.SIMPLE-True-1-1]
FAILED ml-agents/mlagents/trainers/tests/torch_entities/test_utils.py::test_create_inputs[EncoderType.SIMPLE-True-1-2]
FAILED ml-agents/mlagents/trainers/tests/torch_entities/test_utils.py::test_create_inputs[EncoderType.SIMPLE-True-2-0]
FAILED ml-agents/mlagents/trainers/tests/torch_entities/test_utils.py::test_create_inputs[EncoderType.SIMPLE-True-2-1]
FAILED ml-agents/mlagents/trainers/tests/torch_entities/test_utils.py::test_create_inputs[EncoderType.SIMPLE-True-2-2]
FAILED ml-agents/mlagents/trainers/tests/torch_entities/test_utils.py::test_create_inputs[EncoderType.SIMPLE-False-0-1]
FAILED ml-agents/mlagents/trainers/tests/torch_entities/test_utils.py::test_create_inputs[EncoderType.SIMPLE-False-0-2]
FAILED ml-agents/mlagents/trainers/tests/torch_entities/test_utils.py::test_create_inputs[EncoderType.SIMPLE-False-1-1]
FAILED ml-agents/mlagents/trainers/tests/torch_entities/test_utils.py::test_create_inputs[EncoderType.SIMPLE-False-1-2]
FAILED ml-agents/mlagents/trainers/tests/torch_entities/test_utils.py::test_create_inputs[EncoderType.SIMPLE-False-2-1]
FAILED ml-agents/mlagents/trainers/tests/torch_entities/test_utils.py::test_create_inputs[EncoderType.SIMPLE-False-2-2]
FAILED ml-agents/mlagents/trainers/tests/torch_entities/test_utils.py::test_create_inputs[EncoderType.NATURE_CNN-True-0-1]
FAILED ml-agents/mlagents/trainers/tests/torch_entities/test_utils.py::test_create_inputs[EncoderType.NATURE_CNN-True-0-2]
FAILED ml-agents/mlagents/trainers/tests/torch_entities/test_utils.py::test_create_inputs[EncoderType.NATURE_CNN-True-1-0]
FAILED ml-agents/mlagents/trainers/tests/torch_entities/test_utils.py::test_create_inputs[EncoderType.NATURE_CNN-True-1-1]
FAILED ml-agents/mlagents/trainers/tests/torch_entities/test_utils.py::test_create_inputs[EncoderType.NATURE_CNN-True-1-2]
FAILED ml-agents/mlagents/trainers/tests/torch_entities/test_utils.py::test_create_inputs[EncoderType.NATURE_CNN-True-2-0]
FAILED ml-agents/mlagents/trainers/tests/torch_entities/test_utils.py::test_create_inputs[EncoderType.NATURE_CNN-True-2-1]
FAILED ml-agents/mlagents/trainers/tests/torch_entities/test_utils.py::test_create_inputs[EncoderType.NATURE_CNN-True-2-2]
FAILED ml-agents/mlagents/trainers/tests/torch_entities/test_utils.py::test_create_inputs[EncoderType.NATURE_CNN-False-0-1]
FAILED ml-agents/mlagents/trainers/tests/torch_entities/test_utils.py::test_create_inputs[EncoderType.NATURE_CNN-False-0-2]
FAILED ml-agents/mlagents/trainers/tests/torch_entities/test_utils.py::test_create_inputs[EncoderType.NATURE_CNN-False-1-1]
FAILED ml-agents/mlagents/trainers/tests/torch_entities/test_utils.py::test_create_inputs[EncoderType.NATURE_CNN-False-1-2]
FAILED ml-agents/mlagents/trainers/tests/torch_entities/test_utils.py::test_create_inputs[EncoderType.NATURE_CNN-False-2-1]
FAILED ml-agents/mlagents/trainers/tests/torch_entities/test_utils.py::test_create_inputs[EncoderType.NATURE_CNN-False-2-2]
FAILED ml-agents/mlagents/trainers/tests/torch_entities/test_utils.py::test_list_to_tensor
FAILED ml-agents/mlagents/trainers/tests/torch_entities/test_utils.py::test_break_into_branches
FAILED ml-agents/mlagents/trainers/tests/torch_entities/test_utils.py::test_actions_to_onehot
FAILED ml-agents/mlagents/trainers/tests/torch_entities/test_utils.py::test_masked_mean
FAILED ml-agents/mlagents/trainers/tests/torch_entities/test_utils.py::test_soft_update
FAILED ml-agents-envs/tests/test_pettingzoo_wrapper.py::test_single_agent_aec
FAILED ml-agents-envs/tests/test_pettingzoo_wrapper.py::test_multi_agent_aec
FAILED ml-agents-envs/tests/test_pettingzoo_wrapper.py::test_single_agent_parallel
FAILED ml-agents-envs/tests/test_pettingzoo_wrapper.py::test_multi_agent_parallel
ERROR ml-agents/mlagents/trainers/tests/test_trainer_controller.py::test_start_learning_trains_forever_if_no_train_model
ERROR ml-agents/mlagents/trainers/tests/test_trainer_controller.py::test_start_learning_trains_until_max_steps_then_saves
ERROR ml-agents/mlagents/trainers/tests/test_trainer_controller.py::test_advance_adds_experiences_to_trainer_and_trains
